// Jest Snapshot v1, https://goo.gl/fbAQLP

exports[`Screen Splash renders correctly 1`] = `
<Image
  source={1}
  style={
    Object {
      "flex": 1,
      "height": "100%",
      "justifyContent": "center",
      "position": "absolute",
      "width": "100%",
    }
  }
>
  <View
    style={
      Object {
        "alignItems": "center",
        "flex": 1,
        "flexDirection": "column",
        "justifyContent": "center",
        "top": 50,
      }
    }
  >
    <Image
      source={1}
      style={
        Object {
          "flex": 1,
          "paddingBottom": 35,
          "resizeMode": "center",
        }
      }
    />
    <Text
      accessible={true}
      allowFontScaling={true}
      disabled={false}
      ellipsizeMode="tail"
      style={
        Object {
          "backgroundColor": "transparent",
          "color": "white",
          "fontSize": 20,
          "fontWeight": "bold",
          "letterSpacing": 2,
          "paddingTop": 20,
          "textAlign": "center",
          "textShadowColor": "black",
          "textShadowOffset": Object {
            "height": 1,
            "width": -1,
          },
          "textShadowRadius": 10,
        }
      }
    >
      Play now to unlock your prize!
    </Text>
    <Image
      source={1}
      style={
        Object {
          "flex": 1,
          "height": 300,
          "paddingBottom": 190,
          "width": 300,
        }
      }
    />
    <View
      accessibilityComponentType={undefined}
      accessibilityLabel={undefined}
      accessibilityTraits={undefined}
      accessible={true}
      hasTVPreferredFocus={undefined}
      hitSlop={undefined}
      isTVSelectable={true}
      nativeID={undefined}
      onLayout={undefined}
      onResponderGrant={[Function]}
      onResponderMove={[Function]}
      onResponderRelease={[Function]}
      onResponderTerminate={[Function]}
      onResponderTerminationRequest={[Function]}
      onStartShouldSetResponder={[Function]}
      style={
        Array [
          Object {
            "backgroundColor": "transparent",
          },
          undefined,
        ]
      }
      testID={undefined}
      tvParallaxProperties={undefined}
    >
      <View
        style={
          Array [
            Object {
              "alignItems": "center",
              "flexDirection": "row",
              "marginBottom": 5,
            },
            Object {
              "paddingTop": 25,
            },
          ]
        }
      >
        <Image
          source={1}
          style={
            Array [
              Object {
                "height": 26,
                "width": 26,
              },
              undefined,
            ]
          }
        />
        <View
          style={
            Object {
              "marginLeft": 10,
              "marginRight": 10,
            }
          }
        >
          <Text
            accessible={true}
            allowFontScaling={true}
            disabled={false}
            ellipsizeMode="tail"
            numberOfLines={1}
            style={
              Array [
                Object {
                  "color": "grey",
                  "fontSize": 15,
                },
                Object {
                  "color": "white",
                  "flexWrap": "wrap",
                  "fontWeight": "bold",
                  "textShadowColor": "black",
                  "textShadowOffset": Object {
                    "height": 1,
                    "width": -1,
                  },
                  "textShadowRadius": 10,
                },
              ]
            }
          >
            I agree to the Terms & Conditions
          </Text>
        </View>
      </View>
    </View>
    <View
      style={
        Object {
          "flex": 1,
          "justifyContent": "center",
          "paddingBottom": 65,
          "paddingHorizontal": 75,
          "paddingVertical": 15,
        }
      }
    >
      <View
        accessibilityComponentType={undefined}
        accessibilityLabel={undefined}
        accessibilityTraits={undefined}
        accessible={true}
        hasTVPreferredFocus={undefined}
        hitSlop={undefined}
        isTVSelectable={true}
        nativeID={undefined}
        onLayout={undefined}
        onResponderGrant={[Function]}
        onResponderMove={[Function]}
        onResponderRelease={[Function]}
        onResponderTerminate={[Function]}
        onResponderTerminationRequest={[Function]}
        onStartShouldSetResponder={[Function]}
        style={
          Array [
            Object {
              "backgroundColor": "transparent",
            },
            Array [
              Object {
                "alignItems": "center",
                "paddingHorizontal": 65,
                "paddingVertical": 15,
              },
              Object {
                "backgroundColor": "#cbe5ef",
              },
            ],
          ]
        }
        testID={undefined}
        tvParallaxProperties={undefined}
      >
        <Text
          accessible={true}
          allowFontScaling={true}
          disabled={false}
          ellipsizeMode="tail"
          style={
            Object {
              "alignSelf": "center",
              "color": "white",
              "fontSize": 18,
            }
          }
        >
          Play Now!
        </Text>
      </View>
    </View>
  </View>
</Image>
`;
